// Jest Snapshot v1, https://goo.gl/fbAQLP

exports[`<Button> should render a <Button /> components 1`] = `
<div>
  <button
    class="mq-button mq-button-default mq-button-medium"
  >
    <span
      class="mq-button-content"
    >
      default
    </span>
  </button>
  <button
    class="mq-button mq-button-primary mq-button-medium"
  >
    <span
      class="mq-button-content"
    >
      primary
    </span>
  </button>
  <button
    class="mq-button mq-button-info mq-button-medium"
  >
    <span
      class="mq-button-content"
    >
      info
    </span>
  </button>
  <button
    class="mq-button mq-button-success mq-button-medium"
  >
    <span
      class="mq-button-content"
    >
      success
    </span>
  </button>
  <button
    class="mq-button mq-button-error mq-button-medium"
  >
    <span
      class="mq-button-content"
    >
      error
    </span>
  </button>
  <button
    class="mq-button mq-button-warning mq-button-medium"
  >
    <span
      class="mq-button-content"
    >
      warning
    </span>
  </button>
  <button
    class="mq-button mq-button-default mq-button-medium mq-button-loading"
  >
    <span
      class="mq-button-content"
    >
      loading
    </span>
  </button>
  <button
    class="mq-button mq-button-default mq-button-medium mq-button-dashed"
  >
    <span
      class="mq-button-content"
    >
      dashed
    </span>
  </button>
  <button
    class="mq-button mq-button-default mq-button-medium mq-button-outlined"
  >
    <span
      class="mq-button-content"
    >
      outlined
    </span>
  </button>
  <button
    class="mq-button mq-button-default mq-button-medium mq-button-rounded"
  >
    <span
      class="mq-button-content"
    >
      rounded
    </span>
  </button>
  <button
    class="mq-button mq-button-default mq-button-medium mq-button-block"
  >
    <span
      class="mq-button-content"
    >
      block
    </span>
  </button>
  <button
    class="mq-button mq-button-default mq-button-small"
  >
    <span
      class="mq-button-content"
    >
      small
    </span>
  </button>
  <button
    class="mq-button mq-button-default mq-button-large"
  >
    <span
      class="mq-button-content"
    >
      large
    </span>
  </button>
  <button
    class="mq-button mq-button-default mq-button-medium"
  >
    <svg
      aria-hidden="true"
      class="mq-icon"
    >
      <use
        href="#icon-home"
      />
    </svg>
    <span
      class="mq-button-content"
    >
      icon(left)
    </span>
  </button>
  <button
    class="mq-button mq-button-default mq-button-medium"
  >
    <svg
      aria-hidden="true"
      class="mq-icon mq-button-icon-right"
    >
      <use
        href="#icon-home"
      />
    </svg>
    <span
      class="mq-button-content"
    >
      icon(right)
    </span>
  </button>
</div>
`;
